// Jest Snapshot v1, https://goo.gl/fbAQLP

exports[`CourseCard Component renders according to design 1`] = `
<div
  className="course-card"
  onClick={[Function]}
>
  <div
    className="course-card_course-name"
  >
    name
  </div>
  <div
    className="course-card_details"
  >
    
     | 
  </div>
  <div
    className="course-card_description"
  >
     
  </div>
</div>
`;
