// Jest Snapshot v1, https://goo.gl/fbAQLP

exports[`CourseCard Component renders according to design 1`] = `
<div
  className="course-card"
/>
`;

exports[`CoursesList Component renders according to design 1`] = `<CourseCard />`;
